==================== Delta Process =====================
Date: 2025-11-08T21:21:42.715Z
Verifying that the URL contains a valid XCCDF: https://dl.dod.cyber.mil/wp-content/uploads/stigs/zip/U_Kubernetes_V2R4_STIG.zip...
  Valid XCCDF URL provided
  Extracted XCCDF from: U_Kubernetes_STIG_V2R4_Manual-xccdf.xml
Process Flags ===========================================
logLevel=info
inspecJsonFile=profile.json
xccdfUrl=https://dl.dod.cyber.mil/wp-content/uploads/stigs/zip/U_Kubernetes_V2R4_STIG.zip
deltaOutputDir=./controls
idType=rule
controlsDir=./controls


Processing the InSpec Profiles JSON summary (generate if not provided)...
  Using profile controls summary file: profile.json
  Loading profile.json as Profile JSON/Execution JSON
  Loaded profile.json as Profile JSON/Execution JSON
Checking if an OVAL XML file was provided...
  An OVAL XML file was not provided
Checking if control mapping is required...
Checking if provided output directory exists (create it if does not, clear if exists)...
  Deleting existing profile folder ./controls
Checking if an output markdown report was requested...
  An output markdown reports was not requested
Executing the Delta process...
  Processing XCCDF Benchmark file: U_Kubernetes_STIG_V2R4_Manual-xccdf.xml using rule id.
  Computed the delta between the existing profile and updated benchmark.
Writing new control without code block for: SV-242376.
Writing new control without code block for: SV-242377.
Writing new control without code block for: SV-242378.
Writing new control without code block for: SV-242379.
Writing new control without code block for: SV-242380.
Writing new control without code block for: SV-242381.
Writing new control without code block for: SV-242382.
Writing updated control with code block for: SV-242383.
Writing new control without code block for: SV-242384.
Writing new control without code block for: SV-242385.
Writing new control without code block for: SV-242386.
Writing new control without code block for: SV-242387.
Writing new control without code block for: SV-242388.
Writing new control without code block for: SV-242389.
Writing new control without code block for: SV-242390.
Writing new control without code block for: SV-242391.
Writing new control without code block for: SV-242392.
Writing new control without code block for: SV-242393.
Writing new control without code block for: SV-242394.
Writing updated control with code block for: SV-242395.
Writing new control without code block for: SV-242396.
Writing new control without code block for: SV-242397.
Writing new control without code block for: SV-242398.
Writing new control without code block for: SV-242399.
Writing new control without code block for: SV-242400.
Writing new control without code block for: SV-242402.
Writing new control without code block for: SV-242403.
Writing new control without code block for: SV-242404.
Writing new control without code block for: SV-242405.
Writing new control without code block for: SV-242406.
Writing new control without code block for: SV-242407.
Writing new control without code block for: SV-242408.
Writing new control without code block for: SV-242409.
Writing updated control with code block for: SV-242410.
Writing updated control with code block for: SV-242411.
Writing updated control with code block for: SV-242412.
Writing updated control with code block for: SV-242413.
Writing updated control with code block for: SV-242414.
Writing updated control with code block for: SV-242415.
Writing updated control with code block for: SV-242417.
Writing new control without code block for: SV-242418.
Writing new control without code block for: SV-242419.
Writing new control without code block for: SV-242420.
Writing new control without code block for: SV-242421.
Writing new control without code block for: SV-242422.
Writing new control without code block for: SV-242423.
Writing new control without code block for: SV-242424.
Writing new control without code block for: SV-242425.
Writing new control without code block for: SV-242426.
Writing new control without code block for: SV-242427.
Writing new control without code block for: SV-242428.
Writing new control without code block for: SV-242429.
Writing new control without code block for: SV-242430.
Writing new control without code block for: SV-242431.
Writing new control without code block for: SV-242432.
Writing new control without code block for: SV-242433.
Writing new control without code block for: SV-242434.
Writing new control without code block for: SV-242436.
Writing updated control with code block for: SV-242437.
Writing new control without code block for: SV-242438.
Writing updated control with code block for: SV-242442.
Writing updated control with code block for: SV-242443.
Writing new control without code block for: SV-242444.
Writing new control without code block for: SV-242445.
Writing new control without code block for: SV-242446.
Writing new control without code block for: SV-242447.
Writing new control without code block for: SV-242448.
Writing new control without code block for: SV-242449.
Writing new control without code block for: SV-242450.
Writing new control without code block for: SV-242451.
Writing new control without code block for: SV-242452.
Writing new control without code block for: SV-242453.
Writing new control without code block for: SV-242454.
Writing new control without code block for: SV-242455.
Writing new control without code block for: SV-242456.
Writing new control without code block for: SV-242457.
Writing new control without code block for: SV-242459.
Writing new control without code block for: SV-242460.
Writing new control without code block for: SV-242461.
Writing new control without code block for: SV-242462.
Writing new control without code block for: SV-242463.
Writing new control without code block for: SV-242464.
Writing new control without code block for: SV-242465.
Writing new control without code block for: SV-242466.
Writing new control without code block for: SV-242467.
Writing new control without code block for: SV-245541.
Writing new control without code block for: SV-245542.
Writing new control without code block for: SV-245543.
Writing new control without code block for: SV-245544.
Writing new control without code block for: SV-254800.
Writing new control without code block for: SV-254801.
Writing new control without code block for: SV-274882.
Writing new control without code block for: SV-274883.
Writing new control without code block for: SV-274884.
  Writing delta file for Kubernetes 1.16 Based upon Kubernetes 1.16 Security Technical Implementation Guideline (STIG)
Update Results ===========================================================================

## Automatic Update:  -> 

### New Controls:
+   SV-242376 - The Kubernetes Controller Manager must use TLS 1.2, at a minimum, to protect the confidentiality of sensitive data during electronic dissemination.
+   SV-242377 - The Kubernetes Scheduler must use TLS 1.2, at a minimum, to protect the confidentiality of sensitive data during electronic dissemination.
+   SV-242378 - The Kubernetes API Server must use TLS 1.2, at a minimum, to protect the confidentiality of sensitive data during electronic dissemination.
+   SV-242379 - The Kubernetes etcd must use TLS to protect the confidentiality of sensitive data during electronic dissemination.
+   SV-242380 - The Kubernetes etcd must use TLS to protect the confidentiality of sensitive data during electronic dissemination.
+   SV-242381 - The Kubernetes Controller Manager must create unique service accounts for each work payload.
+   SV-242382 - The Kubernetes API Server must enable Node,RBAC as the authorization mode.
+   SV-242383 - User-managed resources must be created in dedicated namespaces.
+   SV-242384 - The Kubernetes Scheduler must have secure binding.
+   SV-242385 - The Kubernetes Controller Manager must have secure binding.
+   SV-242386 - The Kubernetes API server must have the insecure port flag disabled.
+   SV-242387 - The Kubernetes Kubelet must have the &quot;readOnlyPort&quot; flag disabled.
+   SV-242388 - The Kubernetes API server must have the insecure bind address not set.
+   SV-242389 - The Kubernetes API server must have the secure port set.
+   SV-242390 - The Kubernetes API server must have anonymous authentication disabled.
+   SV-242391 - The Kubernetes Kubelet must have anonymous authentication disabled.
+   SV-242392 - The Kubernetes kubelet must enable explicit authorization.
+   SV-242393 - Kubernetes Worker Nodes must not have sshd service running.
+   SV-242394 - Kubernetes Worker Nodes must not have the sshd service enabled.
+   SV-242395 - Kubernetes dashboard must not be enabled.
+   SV-242396 - Kubernetes Kubectl cp command must give expected access and results.
+   SV-242397 - The Kubernetes kubelet staticPodPath must not enable static pods.
+   SV-242398 - Kubernetes DynamicAuditing must not be enabled.
+   SV-242399 - Kubernetes DynamicKubeletConfig must not be enabled.
+   SV-242400 - The Kubernetes API server must have Alpha APIs disabled.
+   SV-242402 - The Kubernetes API Server must have an audit log path set.
+   SV-242403 - Kubernetes API Server must generate audit records that identify what type of event has occurred, identify the source of the event, contain the event results, identify any users, and identify any containers associated with the event.
+   SV-242404 - Kubernetes Kubelet must deny hostname override.
+   SV-242405 - The Kubernetes manifests must be owned by root.
+   SV-242406 - The Kubernetes KubeletConfiguration file must be owned by root.
+   SV-242407 - The Kubernetes KubeletConfiguration files must have file permissions set to 644 or more restrictive.
+   SV-242408 - The Kubernetes manifest files must have least privileges.
+   SV-242409 - Kubernetes Controller Manager must disable profiling.
+   SV-242410 - The Kubernetes API Server must enforce ports, protocols, and services (PPS) that adhere to the Ports, Protocols, and Services Management Category Assurance List (PPSM CAL).
+   SV-242411 - The Kubernetes Scheduler must enforce ports, protocols, and services (PPS) that adhere to the Ports, Protocols, and Services Management Category Assurance List (PPSM CAL).
+   SV-242412 - The Kubernetes Controllers must enforce ports, protocols, and services (PPS) that adhere to the Ports, Protocols, and Services Management Category Assurance List (PPSM CAL).
+   SV-242413 - The Kubernetes etcd must enforce ports, protocols, and services (PPS) that adhere to the Ports, Protocols, and Services Management Category Assurance List (PPSM CAL).
+   SV-242414 - The Kubernetes cluster must use non-privileged host ports for user pods.
+   SV-242415 - Secrets in Kubernetes must not be stored as environment variables.
+   SV-242417 - Kubernetes must separate user functionality.
+   SV-242418 - The Kubernetes API server must use approved cipher suites.
+   SV-242419 - Kubernetes API Server must have the SSL Certificate Authority set.
+   SV-242420 - Kubernetes Kubelet must have the SSL Certificate Authority set.
+   SV-242421 - Kubernetes Controller Manager must have the SSL Certificate Authority set.
+   SV-242422 - Kubernetes API Server must have a certificate for communication.
+   SV-242423 - Kubernetes etcd must enable client authentication to secure service.
+   SV-242424 - Kubernetes Kubelet must enable tlsPrivateKeyFile for client authentication to secure service.
+   SV-242425 - Kubernetes Kubelet must enable tlsCertFile for client authentication to secure service.
+   SV-242426 - Kubernetes etcd must enable client authentication to secure service.
+   SV-242427 - Kubernetes etcd must have a key file for secure communication.
+   SV-242428 - Kubernetes etcd must have a certificate for communication.
+   SV-242429 - Kubernetes etcd must have the SSL Certificate Authority set.
+   SV-242430 - Kubernetes etcd must have a certificate for communication.
+   SV-242431 - Kubernetes etcd must have a key file for secure communication.
+   SV-242432 - Kubernetes etcd must have peer-cert-file set for secure communication.
+   SV-242433 - Kubernetes etcd must have a peer-key-file set for secure communication.
+   SV-242434 - Kubernetes Kubelet must enable kernel protection.
+   SV-242436 - The Kubernetes API server must have the ValidatingAdmissionWebhook enabled.
+   SV-242437 - Kubernetes must have a pod security policy set.
+   SV-242438 - Kubernetes API Server must configure timeouts to limit attack surface.
+   SV-242442 - Kubernetes must remove old components after updated versions have been installed.
+   SV-242443 - Kubernetes must contain the latest updates as authorized by IAVMs, CTOs, DTMs, and STIGs.
+   SV-242444 - The Kubernetes component manifests must be owned by root.
+   SV-242445 - The Kubernetes component etcd must be owned by etcd.
+   SV-242446 - The Kubernetes conf files must be owned by root.
+   SV-242447 - The Kubernetes Kube Proxy kubeconfig must have file permissions set to 644 or more restrictive.
+   SV-242448 - The Kubernetes Kube Proxy kubeconfig must be owned by root.
+   SV-242449 - The Kubernetes Kubelet certificate authority file must have file permissions set to 644 or more restrictive.
+   SV-242450 - The Kubernetes Kubelet certificate authority must be owned by root.
+   SV-242451 - The Kubernetes component PKI must be owned by root.
+   SV-242452 - The Kubernetes kubelet KubeConfig must have file permissions set to 644 or more restrictive.
+   SV-242453 - The Kubernetes kubelet KubeConfig file must be owned by root.
+   SV-242454 - The Kubernetes kubeadm.conf must be owned by root.
+   SV-242455 - The Kubernetes kubeadm.conf must have file permissions set to 644 or more restrictive.
+   SV-242456 - The Kubernetes kubelet config must have file permissions set to 644 or more restrictive.
+   SV-242457 - The Kubernetes kubelet config must be owned by root.
+   SV-242459 - The Kubernetes etcd must have file permissions set to 644 or more restrictive.
+   SV-242460 - The Kubernetes admin kubeconfig must have file permissions set to 644 or more restrictive.
+   SV-242461 - Kubernetes API Server audit logs must be enabled.
+   SV-242462 - The Kubernetes API Server must be set to audit log max size.
+   SV-242463 - The Kubernetes API Server must be set to audit log maximum backup.
+   SV-242464 - The Kubernetes API Server audit log retention must be set.
+   SV-242465 - The Kubernetes API Server audit log path must be set.
+   SV-242466 - The Kubernetes PKI CRT must have file permissions set to 644 or more restrictive.
+   SV-242467 - The Kubernetes PKI keys must have file permissions set to 600 or more restrictive.
+   SV-245541 - Kubernetes Kubelet must not disable timeouts.
+   SV-245542 - Kubernetes API Server must disable basic authentication to protect information in transit.
+   SV-245543 - Kubernetes API Server must disable token authentication to protect information in transit.
+   SV-245544 - Kubernetes endpoints must use approved organizational certificate and key pair to protect information in transit.
+   SV-254800 - Kubernetes must have a Pod Security Admission control file configured.
+   SV-254801 - Kubernetes must enable PodSecurity admission controller on static pods and Kubelets.
+   SV-274882 - Kubernetes Secrets must be encrypted at rest.
+   SV-274883 - Sensitive information must be stored using Kubernetes Secrets or an external Secret store provider.
+   SV-274884 - Kubernetes must limit Secret access on a need-to-know basis.


### Updated Check/Fixes:
#### Checks:
<details open>
  <summary>Click to expand.</summary>
</details>

#### Fixes:
<details open>
  <summary>Click to expand.</summary>
</details>

### Updated Impacts
<details open>
  <summary>Click to expand.</summary>
</details>

### Updated Titles
<details>
  <summary>Click to expand.</summary>
</details>

### Updated Descriptions
<details>
  <summary>Click to expand.</summary>
</details>

Delta Process completed successfully

